Microchip MPLAB XC8 Compiler V2.36

Linker command line:

-W-9 --edf=C:\Program Files\Microchip\xc8\v2.36\pic\dat\en_msgs.txt -cn \
  -h+dist/default/production\1938_EXT_MPLAB_sources_V_3.2.production.sym \
  --cmf=dist/default/production\1938_EXT_MPLAB_sources_V_3.2.production.cmf \
  -z -Q16F1938 -oC:\Users\Brusque\AppData\Local\Temp\xcAs1io.4 \
  --defsym=__MPLAB_BUILD=1 \
  -Mdist/default/production/1938_EXT_MPLAB_sources_V_3.2.production.map \
  --md=C:\Users\Brusque\AppData\Local\Temp\xcAs1io.dat -E1 \
  -ver=XC8 Compiler --acfsm=1493 -ACODE=00h-07FFhx8 -ASTRCODE=00h-03FFFh \
  -ASTRING=00h-0FFhx64 -ACONST=00h-0FFhx64 -AENTRY=00h-0FFhx64 \
  -ACOMMON=070h-07Fh -ABANK0=020h-06Fh -ABANK1=0A0h-0EFh \
  -ABANK2=0120h-016Fh -ABANK3=01A0h-01EFh -ABANK4=0220h-026Fh \
  -ABANK5=02A0h-02EFh -ABANK6=0320h-036Fh -ABANK7=03A0h-03EFh \
  -ABANK8=0420h-046Fh -ABANK9=04A0h-04EFh -ABANK10=0520h-056Fh \
  -ABANK11=05A0h-05EFh -ABANK12=0620h-064Fh -ABIGRAM=02000h-023EFh \
  -ARAM=020h-06Fh,0A0h-0EFh,0120h-016Fh,01A0h-01EFh,0220h-026Fh,02A0h-02EFh,0320h-036Fh,03A0h-03EFh,0420h-046Fh,04A0h-04EFh,0520h-056Fh,05A0h-05EFh,0620h-064Fh \
  -AABS1=020h-07Fh,0A0h-0EFh,0120h-016Fh,01A0h-01EFh,0220h-026Fh,02A0h-02EFh,0320h-036Fh,03A0h-03EFh,0420h-046Fh,04A0h-04EFh,0520h-056Fh,05A0h-05EFh,0620h-064Fh \
  -ASFR0=00h-01Fh -ASFR1=080h-09Fh -ASFR2=0100h-011Fh -ASFR3=0180h-019Fh \
  -ASFR4=0200h-021Fh -ASFR5=0280h-029Fh -ASFR6=0300h-031Fh \
  -ASFR7=0380h-039Fh -ASFR8=0400h-041Fh -ASFR9=0480h-049Fh \
  -ASFR10=0500h-051Fh -ASFR11=0580h-059Fh -ASFR12=0600h-061Fh \
  -ASFR13=0680h-06EFh -ASFR14=0700h-076Fh -ASFR15=0780h-07EFh \
  -ASFR16=0800h-086Fh -ASFR17=0880h-08EFh -ASFR18=0900h-096Fh \
  -ASFR19=0980h-09EFh -ASFR20=0A00h-0A6Fh -ASFR21=0A80h-0AEFh \
  -ASFR22=0B00h-0B6Fh -ASFR23=0B80h-0BEFh -ASFR24=0C00h-0C6Fh \
  -ASFR25=0C80h-0CEFh -ASFR26=0D00h-0D6Fh -ASFR27=0D80h-0DEFh \
  -ASFR28=0E00h-0E6Fh -ASFR29=0E80h-0EEFh -ASFR30=0F00h-0F6Fh \
  -ASFR31=0F80h-0FEFh -ACONFIG=08007h-08008h -DCONFIG=2 \
  -AIDLOC=08000h-08003h -DIDLOC=2 -AEEDATA=00h-0FFh/0F000h \
  -peeprom_data=EEDATA -DEEDATA=2 -DCODE=2 -DSTRCODE=2 -DSTRING=2 -DCONST=2 \
  -DENTRY=2 -preset_vec=00h,intentry=04h,init,end_init -ppowerup=CODE \
  -pcinit=CODE -pfunctab=ENTRY -k \
  C:\Users\Brusque\AppData\Local\Temp\xcAs1io.o \
  dist/default/production\1938_EXT_MPLAB_sources_V_3.2.production.o 

Object code version is 3.11

Machine type is 16F1938



                Name                               Link     Load   Length Selector   Space Scale
C:\Users\Brusque\AppData\Local\Temp\xcAs1io.o
                end_init                             14       14        2        8       0
                reset_vec                             0        0        2        0       0
                config                             8007     8007        2        0       4
                idloc                              8000     8000        4        0       5
dist/default/production\1938_EXT_MPLAB_sources_V_3.2.production.o
                cinit                                16       16       3A        8       0
                intentry                              4        4       10        8       0
                config                             8007     8007        2        0       4
                idloc                              8000     8000        4        0       5
                text55                             2F5D     2F5D       51     5EBA       0
                text54                             2E7D     2E7D       48     5CFA       0
                text52                             2CFE     2CFE       17     59FC       0
                text51                             2C85     2C85        7     590A       0
                text50                             2E36     2E36       47     5C6C       0
                text49                             22BA     22BA       95     4574       0
                text48                             2CE8     2CE8       16     59D0       0
                text47                             1804     1804       28     3008       0
                text46                             2FAE     2FAE       52     5F5C       0
                text45                             2DF1     2DF1       45     5BE2       0
                text44                             21B9     21B9       80     4372       0
                text43                             2F10     2F10       4D     5E20       0
                text42                             1597     1597      269     2B2E       0
                text41                              647      647      1B3        8       0
                text40                             2CAE     2CAE       12     595C       0
                text39                             2528     2528       A9     4A50       0
                text38                             2C9D     2C9D       11     593A       0
                text37                             1005     1005       39     200A       0
                text36                             2239     2239       81     4472       0
                text35                             115D     115D      1E1     22BA       0
                text34                             1E87     1E87      179     3D0E       0
                text33                              801      801       1F     1002       0
                text32                             133E     133E      259     267C       0
                text31                             2060     2060       65     40C0       0
                text30                             2D55     2D55       2F     5AAA       0
                text29                             2D15     2D15       1B     5A2A       0
                text28                             234F     234F       95     469E       0
                text27                             1C28     1C28       ED     3850       0
                text26                             2D84     2D84       35     5B08       0
                text25                             2000     2000       60     3D0E       0
                text24                             2EC5     2EC5       4B     5D8A       0
                text23                              820      820      226     1040       0
                text22                             19B9     19B9       CC     3372       0
                text21                             213E     213E       7B     427C       0
                text20                               50       50      5F7        8       0
                text19                              A46      A46      2AB     148C       0
                text18                             2484     2484       A4     4908       0
                text17                             18F2     18F2       C7     31E4       0
                text16                             23E4     23E4       A0     47C8       0
                text15                             25D1     25D1       B5     4BA2       0
                text14                             273B     273B       C5     4E76       0
                text13                             182C     182C       C6     3058       0
                text12                             103E     103E      11F     207C       0
                text11                             1B56     1B56       D2     36AC       0
                text10                             2686     2686       B5     4D0C       0
                text9                              2C8C     2C8C        8     5918       0
                text8                              1D15     1D15      172     3A2A       0
                text7                              20C5     20C5       79     418A       0
                text6                              2CD3     2CD3       15     59A6       0
                text5                              2CC0     2CC0       13     5980       0
                text4                               CF1      CF1      30F     19E2       0
                text3                              2C94     2C94        9     5928       0
                text2                                 3        3        1        6       0
                text1                              2DB9     2DB9       38     5B72       0
                maintext                           1A85     1A85       D1     350A       0
                cstackBANK0                          20       20       50       20       1
                cstackCOMMON                         70       70        8       70       1
                cstackBANK1                          A0       A0       50       A0       1
                cstackBANK2                         14D      14D       1D      120       1
                cstackBANK3                         1DA      1DA        3      1A0       1
                clrtext                            2C73     2C73        6     58E6       0
                inittext                           2C79     2C79        6     58F2       0
                dataBANK4                           220      220       25      220       1
                dataBANK3                           1D4      1D4        6      1A0       1
                bssBANK3                            1A0      1A0       34      1A0       1
                dataBANK2                           16A      16A        6      120       1
                bssBANK2                            120      120       2D      120       1
                bssCOMMON                            78       78        3       70       1
                stringtext30                       30C8     30C8        2     6000       0
                stringtext29                       30C6     30C6        2     6000       0
                stringtext28                       30C4     30C4        2     6000       0
                stringtext27                       30C2     30C2        2     6000       0
                stringtext26                       30C0     30C0        2     6000       0
                stringtext25                       30BE     30BE        2     6000       0
                stringtext24                       30BB     30BB        3     6000       0
                stringtext23                       30B8     30B8        3     6000       0
                stringtext22                       30B5     30B5        3     6000       0
                stringtext21                       30B2     30B2        3     6000       0
                stringtext20                       30AD     30AD        5     6000       0
                stringtext19                       30A5     30A5        8     6000       0
                stringtext18                       309D     309D        8     6000       0
                stringtext17                       3095     3095        8     6000       0
                stringtext16                       308D     308D        8     6000       0
                stringtext15                       3084     3084        9     6000       0
                stringtext14                       307B     307B        9     6000       0
                stringtext13                       3072     3072        9     6000       0
                stringtext12                       3069     3069        9     6000       0
                stringtext11                       3060     3060        9     6000       0
                stringtext10                       3057     3057        9     6000       0
                stringtext9                        304E     304E        9     6000       0
                stringtext8                        3045     3045        9     6000       0
                stringtext7                        303C     303C        9     6000       0
                stringtext6                        3033     3033        9     6000       0
                stringtext5                        302A     302A        9     6000       0
                stringtext4                        3020     3020        A     6000       0
                stringtext3                        3016     3016        A     6000       0
                stringtext2                        300B     300B        B     6000       0
                stringtext1                        3000     3000        B     6000       0
                idataEEDATA                           0     F000      100    1E000       3
                idataBANK4                         2D30     2D30       25     5A60       0
                idataBANK3                         2C7F     2C7F        6     58FE       0
                idataBANK2                          7FA      7FA        6        8       0

TOTAL           Name                               Link     Load   Length     Space
        CLASS   CODE           
                end_init                             14       14        2         0
                cinit                                16       16       3A         0
                intentry                              4        4       10         0
                reset_vec                             0        0        2         0
                text55                             2F5D     2F5D       51         0
                text54                             2E7D     2E7D       48         0
                text52                             2CFE     2CFE       17         0
                text51                             2C85     2C85        7         0
                text50                             2E36     2E36       47         0
                text49                             22BA     22BA       95         0
                text48                             2CE8     2CE8       16         0
                text47                             1804     1804       28         0
                text46                             2FAE     2FAE       52         0
                text45                             2DF1     2DF1       45         0
                text44                             21B9     21B9       80         0
                text43                             2F10     2F10       4D         0
                text42                             1597     1597      269         0
                text41                              647      647      1B3         0
                text40                             2CAE     2CAE       12         0
                text39                             2528     2528       A9         0
                text38                             2C9D     2C9D       11         0
                text37                             1005     1005       39         0
                text36                             2239     2239       81         0
                text35                             115D     115D      1E1         0
                text34                             1E87     1E87      179         0
                text33                              801      801       1F         0
                text32                             133E     133E      259         0
                text31                             2060     2060       65         0
                text30                             2D55     2D55       2F         0
                text29                             2D15     2D15       1B         0
                text28                             234F     234F       95         0
                text27                             1C28     1C28       ED         0
                text26                             2D84     2D84       35         0
                text25                             2000     2000       60         0
                text24                             2EC5     2EC5       4B         0
                text23                              820      820      226         0
                text22                             19B9     19B9       CC         0
                text21                             213E     213E       7B         0
                text20                               50       50      5F7         0
                text19                              A46      A46      2AB         0
                text18                             2484     2484       A4         0
                text17                             18F2     18F2       C7         0
                text16                             23E4     23E4       A0         0
                text15                             25D1     25D1       B5         0
                text14                             273B     273B       C5         0
                text13                             182C     182C       C6         0
                text12                             103E     103E      11F         0
                text11                             1B56     1B56       D2         0
                text10                             2686     2686       B5         0
                text9                              2C8C     2C8C        8         0
                text8                              1D15     1D15      172         0
                text7                              20C5     20C5       79         0
                text6                              2CD3     2CD3       15         0
                text5                              2CC0     2CC0       13         0
                text4                               CF1      CF1      30F         0
                text3                              2C94     2C94        9         0
                text2                                 3        3        1         0
                text1                              2DB9     2DB9       38         0
                maintext                           1A85     1A85       D1         0
                clrtext                            2C73     2C73        6         0
                inittext                           2C79     2C79        6         0
                idataBANK4                         2D30     2D30       25         0
                idataBANK3                         2C7F     2C7F        6         0
                idataBANK2                          7FA      7FA        6         0

        CLASS   STRCODE        
                stringtext30                       30C8     30C8        2         0
                stringtext29                       30C6     30C6        2         0
                stringtext28                       30C4     30C4        2         0
                stringtext27                       30C2     30C2        2         0
                stringtext26                       30C0     30C0        2         0
                stringtext25                       30BE     30BE        2         0
                stringtext24                       30BB     30BB        3         0
                stringtext23                       30B8     30B8        3         0
                stringtext22                       30B5     30B5        3         0
                stringtext21                       30B2     30B2        3         0
                stringtext20                       30AD     30AD        5         0
                stringtext19                       30A5     30A5        8         0
                stringtext18                       309D     309D        8         0
                stringtext17                       3095     3095        8         0
                stringtext16                       308D     308D        8         0
                stringtext15                       3084     3084        9         0
                stringtext14                       307B     307B        9         0
                stringtext13                       3072     3072        9         0
                stringtext12                       3069     3069        9         0
                stringtext11                       3060     3060        9         0
                stringtext10                       3057     3057        9         0
                stringtext9                        304E     304E        9         0
                stringtext8                        3045     3045        9         0
                stringtext7                        303C     303C        9         0
                stringtext6                        3033     3033        9         0
                stringtext5                        302A     302A        9         0
                stringtext4                        3020     3020        A         0
                stringtext3                        3016     3016        A         0
                stringtext2                        300B     300B        B         0
                stringtext1                        3000     3000        B         0

        CLASS   STRING         

        CLASS   CONST          

        CLASS   ENTRY          

        CLASS   COMMON         
                cstackCOMMON                         70       70        8         1
                bssCOMMON                            78       78        3         1

        CLASS   BANK0          
                cstackBANK0                          20       20       50         1

        CLASS   BANK1          
                cstackBANK1                          A0       A0       50         1

        CLASS   BANK2          
                cstackBANK2                         14D      14D       1D         1
                dataBANK2                           16A      16A        6         1
                bssBANK2                            120      120       2D         1

        CLASS   BANK3          
                cstackBANK3                         1DA      1DA        3         1
                dataBANK3                           1D4      1D4        6         1
                bssBANK3                            1A0      1A0       34         1

        CLASS   BANK4          
                dataBANK4                           220      220       25         1

        CLASS   BANK5          

        CLASS   BANK6          

        CLASS   BANK7          

        CLASS   BANK8          

        CLASS   BANK9          

        CLASS   BANK10         

        CLASS   BANK11         

        CLASS   BANK12         

        CLASS   BIGRAM         

        CLASS   RAM            

        CLASS   ABS1           
                abs_s1                               7E       7E        2         1

        CLASS   SFR0           

        CLASS   SFR1           

        CLASS   SFR2           

        CLASS   SFR3           

        CLASS   SFR4           

        CLASS   SFR5           

        CLASS   SFR6           

        CLASS   SFR7           

        CLASS   SFR8           

        CLASS   SFR9           

        CLASS   SFR10          

        CLASS   SFR11          

        CLASS   SFR12          

        CLASS   SFR13          

        CLASS   SFR14          

        CLASS   SFR15          

        CLASS   SFR16          

        CLASS   SFR17          

        CLASS   SFR18          

        CLASS   SFR19          

        CLASS   SFR20          

        CLASS   SFR21          

        CLASS   SFR22          

        CLASS   SFR23          

        CLASS   SFR24          

        CLASS   SFR25          

        CLASS   SFR26          

        CLASS   SFR27          

        CLASS   SFR28          

        CLASS   SFR29          

        CLASS   SFR30          

        CLASS   SFR31          

        CLASS   CONFIG         
                config                             8007     8007        2         4

        CLASS   IDLOC          
                idloc                              8000     8000        4         5

        CLASS   EEDATA         
                idataEEDATA                           0     F000      100         3

        CLASS   BANK31         

        CLASS   BANK30         

        CLASS   BANK29         

        CLASS   BANK28         

        CLASS   BANK27         

        CLASS   BANK26         

        CLASS   BANK25         

        CLASS   BANK24         

        CLASS   BANK23         

        CLASS   BANK22         

        CLASS   BANK21         

        CLASS   BANK20         

        CLASS   BANK19         

        CLASS   BANK18         

        CLASS   BANK17         

        CLASS   BANK16         

        CLASS   BANK15         

        CLASS   BANK14         

        CLASS   BANK13         

        CLASS   HEAP           

        CLASS   STACK          



SEGMENTS        Name                           Load    Length   Top    Selector   Space  Class     Delta

                reset_vec                      000000  000002  000002         0       0  CODE        2
                text2                          000003  000001  000004         6       0  CODE        2
                intentry                       000004  0007FC  000800         8       0  CODE        2
                cstackBANK0                    000020  000050  000070        20       1  BANK0       1
                cstackCOMMON                   000070  00000B  00007B        70       1  COMMON      1
                cstackBANK1                    0000A0  000050  0000F0        A0       1  BANK1       1
                bssBANK2                       000120  000050  000170       120       1  BANK2       1
                bssBANK3                       0001A0  00003D  0001DD       1A0       1  BANK3       1
                dataBANK4                      000220  000025  000245       220       1  BANK4       1
                text33                         000801  00001F  000820      1002       0  CODE        2
                text23                         000820  000226  000A46      1040       0  CODE        2
                text19                         000A46  0002AB  000CF1      148C       0  CODE        2
                text4                          000CF1  00030F  001000      19E2       0  CODE        2
                text37                         001005  000039  00103E      200A       0  CODE        2
                text12                         00103E  00011F  00115D      207C       0  CODE        2
                text35                         00115D  0001E1  00133E      22BA       0  CODE        2
                text32                         00133E  000259  001597      267C       0  CODE        2
                text42                         001597  000269  001800      2B2E       0  CODE        2
                text47                         001804  000028  00182C      3008       0  CODE        2
                text13                         00182C  0000C6  0018F2      3058       0  CODE        2
                text17                         0018F2  0000C7  0019B9      31E4       0  CODE        2
                text22                         0019B9  0000CC  001A85      3372       0  CODE        2
                maintext                       001A85  0000D1  001B56      350A       0  CODE        2
                text11                         001B56  0000D2  001C28      36AC       0  CODE        2
                text27                         001C28  0000ED  001D15      3850       0  CODE        2
                text8                          001D15  000172  001E87      3A2A       0  CODE        2
                text34                         001E87  0001D9  002060      3D0E       0  CODE        2
                text31                         002060  000065  0020C5      40C0       0  CODE        2
                text7                          0020C5  000079  00213E      418A       0  CODE        2
                text21                         00213E  00007B  0021B9      427C       0  CODE        2
                text44                         0021B9  000080  002239      4372       0  CODE        2
                text36                         002239  000081  0022BA      4472       0  CODE        2
                text49                         0022BA  000095  00234F      4574       0  CODE        2
                text28                         00234F  000095  0023E4      469E       0  CODE        2
                text16                         0023E4  0000A0  002484      47C8       0  CODE        2
                text18                         002484  0000A4  002528      4908       0  CODE        2
                text39                         002528  0000A9  0025D1      4A50       0  CODE        2
                text15                         0025D1  0000B5  002686      4BA2       0  CODE        2
                text10                         002686  0000B5  00273B      4D0C       0  CODE        2
                text14                         00273B  0000C5  002800      4E76       0  CODE        2
                clrtext                        002C73  000006  002C79      58E6       0  CODE        2
                inittext                       002C79  000006  002C7F      58F2       0  CODE        2
                idataBANK3                     002C7F  000006  002C85      58FE       0  CODE        2
                text51                         002C85  000007  002C8C      590A       0  CODE        2
                text9                          002C8C  000008  002C94      5918       0  CODE        2
                text3                          002C94  000009  002C9D      5928       0  CODE        2
                text38                         002C9D  000011  002CAE      593A       0  CODE        2
                text40                         002CAE  000012  002CC0      595C       0  CODE        2
                text5                          002CC0  000013  002CD3      5980       0  CODE        2
                text6                          002CD3  000015  002CE8      59A6       0  CODE        2
                text48                         002CE8  000016  002CFE      59D0       0  CODE        2
                text52                         002CFE  000017  002D15      59FC       0  CODE        2
                text29                         002D15  00001B  002D30      5A2A       0  CODE        2
                idataBANK4                     002D30  000025  002D55      5A60       0  CODE        2
                text30                         002D55  00002F  002D84      5AAA       0  CODE        2
                text26                         002D84  000035  002DB9      5B08       0  CODE        2
                text1                          002DB9  000038  002DF1      5B72       0  CODE        2
                text45                         002DF1  000045  002E36      5BE2       0  CODE        2
                text50                         002E36  000047  002E7D      5C6C       0  CODE        2
                text54                         002E7D  000048  002EC5      5CFA       0  CODE        2
                text24                         002EC5  00004B  002F10      5D8A       0  CODE        2
                text43                         002F10  00004D  002F5D      5E20       0  CODE        2
                text55                         002F5D  000051  002FAE      5EBA       0  CODE        2
                text46                         002FAE  000052  003000      5F5C       0  CODE        2
                stringtext1                    003000  0000CA  0030CA      6000       0  STRCODE     2
                idataEEDATA                    00F000  000100  00F100     1E000       3  EEDATA      2


UNUSED ADDRESS RANGES

        Name                Unused          Largest block    Delta
        BANK10           00520-0056F              50           1
        BANK11           005A0-005EF              50           1
        BANK12           00620-0064F              30           1
        BANK3            001DD-001EF              13           1
        BANK4            00245-0026F              2B           1
        BANK5            002A0-002EF              50           1
        BANK6            00320-0036F              50           1
        BANK7            003A0-003EF              50           1
        BANK8            00420-0046F              50           1
        BANK9            004A0-004EF              50           1
        BIGRAM           02000-023EF             3F0           1
        CODE             00002-00002               1           2
                         00800-00800               1
                         01000-01004               5
                         01800-01803               4
                         02800-02C72             473
                         030CA-03FFF             736
        COMMON           0007B-0007D               3           1
        CONST            00002-00002               1           2
                         00800-00800               1
                         01000-01004               5
                         01800-01803               4
                         02800-02C72             100
                         030CA-03FFF             100
        ENTRY            00002-00002               1           2
                         00800-00800               1
                         01000-01004               5
                         01800-01803               4
                         02800-02C72             100
                         030CA-03FFF             100
        RAM              001DD-001EF              13           1
                         00245-0026F              2B
                         002A0-002EF              50
                         00320-0036F              50
                         003A0-003EF              50
                         00420-0046F              50
                         004A0-004EF              50
                         00520-0056F              50
                         005A0-005EF              50
                         00620-0064F              30
        SFR0             00000-0001F              20           1
        SFR1             00080-0009F              20           1
        SFR10            00500-0051F              20           1
        SFR11            00580-0059F              20           1
        SFR12            00600-0061F              20           1
        SFR13            00680-006EF              70           1
        SFR14            00700-0076F              70           1
        SFR15            00780-007EF              70           1
        SFR16            00800-0086F              70           1
        SFR17            00880-008EF              70           1
        SFR18            00900-0096F              70           1
        SFR19            00980-009EF              70           1
        SFR2             00100-0011F              20           1
        SFR20            00A00-00A6F              70           1
        SFR21            00A80-00AEF              70           1
        SFR22            00B00-00B6F              70           1
        SFR23            00B80-00BEF              70           1
        SFR24            00C00-00C6F              70           1
        SFR25            00C80-00CEF              70           1
        SFR26            00D00-00D6F              70           1
        SFR27            00D80-00DEF              70           1
        SFR28            00E00-00E6F              70           1
        SFR29            00E80-00EEF              70           1
        SFR3             00180-0019F              20           1
        SFR30            00F00-00F6F              70           1
        SFR31            00F80-00FEF              70           1
        SFR4             00200-0021F              20           1
        SFR5             00280-0029F              20           1
        SFR6             00300-0031F              20           1
        SFR7             00380-0039F              20           1
        SFR8             00400-0041F              20           1
        SFR9             00480-0049F              20           1
        STRCODE          00002-00002               1           2
                         00800-00800               1
                         01000-01004               5
                         01800-01803               4
                         02800-02C72             473
                         030CA-03FFF             F36
        STRING           00002-00002               1           2
                         00800-00800               1
                         01000-01004               5
                         01800-01803               4
                         02800-02C72             100
                         030CA-03FFF             100

                                  Symbol Table

?_ADC_Get_Sample                       cstackCOMMON 00073
?__Umul8_16                            cstackCOMMON 00073
?___aldiv                              cstackBANK0  00028
?___awdiv                              cstackCOMMON 00073
?___awmod                              cstackCOMMON 00073
?___fladd                              cstackBANK0  00054
?___fldiv                              cstackBANK0  0003A
?___flmul                              cstackBANK0  00068
?___fltol                              cstackBANK1  000B2
?___lmul                               cstackBANK0  00020
?___wmul                               cstackBANK0  00023
?___xxtofl                             cstackBANK0  0002C
?_correction                           cstackBANK0  00029
?_get_forward                          cstackBANK0  0002A
?_get_reverse                          cstackBANK0  0002A
ADC_Get_Sample@channel                 cstackBANK0  00025
ADC_Get_Sample@lower                   cstackBANK0  00028
ADC_Get_Sample@result                  cstackBANK0  00026
ADC_Get_Sample@upper                   cstackBANK0  00029
Bcd2Dec@bcdnum                         cstackCOMMON 00077
Button@active_state                    cstackBANK0  00024
Button@loop                            cstackBANK0  00027
Button@pin                             cstackBANK0  00022
Button@port                            cstackBANK0  00020
Button@time                            cstackBANK0  00023
Button@value                           cstackBANK0  00028
Delay_ms@i                             cstackCOMMON 00076
Delay_ms@time_in_ms                    cstackCOMMON 00073
IntToStr@loopcounter                   cstackBANK0  00028
IntToStr@number                        cstackBANK0  00024
IntToStr@output                        cstackBANK0  00026
IntToStr@p                             cstackBANK0  00029
Vdelay_ms@time_in_ms                   cstackBANK0  00020
_ADCON0bits                            (abs)        0009D
_ADCON1                                (abs)        0009E
_ADCON1bits                            (abs)        0009E
_ADC_Get_Sample                        text26       02D84
_ADC_Init                              text2        00003
_ADRESH                                (abs)        0009C
_ADRESL                                (abs)        0009B
_ANSELAbits                            (abs)        0018C
_ANSELBbits                            (abs)        0018D
_Bcd2Dec                               text6        02CD3
_Button                                text37       01005
_CM1CON0bits                           (abs)        00111
_CM2CON0bits                           (abs)        00113
_Delay_ms                              text52       02CFE
_EEADR                                 (abs)        00191
_EECON1                                (abs)        00195
_EECON1bits                            (abs)        00195
_EECON2                                (abs)        00196
_EEDATA                                (abs)        00193
_FVRCON                                (abs)        00117
_FVRCONbits                            (abs)        00117
_INTCONbits                            (abs)        0000B
_IntToStr                              text44       021B9
_LATA                                  (abs)        0010C
_LATAbits                              (abs)        0010C
_LATB                                  (abs)        0010D
_LATBbits                              (abs)        0010D
_LATC                                  (abs)        0010E
_LATCbits                              (abs)        0010E
_OPTION_REGbits                        (abs)        00095
_OSCCON                                (abs)        00099
_PORTA                                 (abs)        0000C
_PORTB                                 (abs)        0000D
_PORTBbits                             (abs)        0000D
_PORTC                                 (abs)        0000E
_STATUSbits                            (abs)        00003
_TMR0                                  (abs)        00015
_TMR0IE                                (abs)        0005D
_TMR0IF                                (abs)        0005A
_TRISA                                 (abs)        0008C
_TRISB                                 (abs)        0008D
_TRISBbits                             (abs)        0008D
_TRISC                                 (abs)        0008E
_Test_init                             text39       02528
_Vdelay_ms                             text51       02C85
_WDTCONbits                            (abs)        00097
_WPUBbits                              (abs)        0020D
__Habs1                                abs1         00000
__Hbank0                               bank0        00000
__Hbank1                               bank1        00000
__Hbank10                              bank10       00000
__Hbank11                              bank11       00000
__Hbank12                              bank12       00000
__Hbank13                              bank13       00000
__Hbank14                              bank14       00000
__Hbank15                              bank15       00000
__Hbank16                              bank16       00000
__Hbank17                              bank17       00000
__Hbank18                              bank18       00000
__Hbank19                              bank19       00000
__Hbank2                               bank2        00000
__Hbank20                              bank20       00000
__Hbank21                              bank21       00000
__Hbank22                              bank22       00000
__Hbank23                              bank23       00000
__Hbank24                              bank24       00000
__Hbank25                              bank25       00000
__Hbank26                              bank26       00000
__Hbank27                              bank27       00000
__Hbank28                              bank28       00000
__Hbank29                              bank29       00000
__Hbank3                               bank3        00000
__Hbank30                              bank30       00000
__Hbank31                              bank31       00000
__Hbank4                               bank4        00000
__Hbank5                               bank5        00000
__Hbank6                               bank6        00000
__Hbank7                               bank7        00000
__Hbank8                               bank8        00000
__Hbank9                               bank9        00000
__Hbigram                              bigram       00000
__HbssBANK2                            bssBANK2     00000
__HbssBANK3                            bssBANK3     00000
__HbssCOMMON                           bssCOMMON    00000
__Hcinit                               cinit        00050
__Hclrtext                             clrtext      00000
__Hcode                                code         00000
__Hcommon                              common       00000
__Hconfig                              config       08009
__HcstackBANK0                         cstackBANK0  00000
__HcstackBANK1                         cstackBANK1  00000
__HcstackBANK2                         cstackBANK2  00000
__HcstackBANK3                         cstackBANK3  00000
__HcstackCOMMON                        cstackCOMMON 00000
__HdataBANK2                           dataBANK2    00000
__HdataBANK3                           dataBANK3    00000
__HdataBANK4                           dataBANK4    00000
__HdataEEDATA                          dataEEDATA   00000
__Heeprom_data                         eeprom_data  00000
__Hend_init                            end_init     00016
__Hfunctab                             functab      00000
__Hheap                                heap         00000
__HidataBANK2                          idataBANK2   00000
__HidataBANK3                          idataBANK3   00000
__HidataBANK4                          idataBANK4   00000
__HidataEEDATA                         idataEEDATA  00000
__Hidloc                               idloc        08004
__Hinit                                init         00014
__Hinittext                            inittext     00000
__Hintentry                            intentry     00014
__Hmaintext                            maintext     00000
__Hpowerup                             powerup      00000
__Hram                                 ram          00000
__Hreset_vec                           reset_vec    00002
__Hsfr0                                sfr0         00000
__Hsfr1                                sfr1         00000
__Hsfr10                               sfr10        00000
__Hsfr11                               sfr11        00000
__Hsfr12                               sfr12        00000
__Hsfr13                               sfr13        00000
__Hsfr14                               sfr14        00000
__Hsfr15                               sfr15        00000
__Hsfr16                               sfr16        00000
__Hsfr17                               sfr17        00000
__Hsfr18                               sfr18        00000
__Hsfr19                               sfr19        00000
__Hsfr2                                sfr2         00000
__Hsfr20                               sfr20        00000
__Hsfr21                               sfr21        00000
__Hsfr22                               sfr22        00000
__Hsfr23                               sfr23        00000
__Hsfr24                               sfr24        00000
__Hsfr25                               sfr25        00000
__Hsfr26                               sfr26        00000
__Hsfr27                               sfr27        00000
__Hsfr28                               sfr28        00000
__Hsfr29                               sfr29        00000
__Hsfr3                                sfr3         00000
__Hsfr30                               sfr30        00000
__Hsfr31                               sfr31        00000
__Hsfr4                                sfr4         00000
__Hsfr5                                sfr5         00000
__Hsfr6                                sfr6         00000
__Hsfr7                                sfr7         00000
__Hsfr8                                sfr8         00000
__Hsfr9                                sfr9         00000
__Hspace_0                             (abs)        030CA
__Hspace_1                             (abs)        00245
__Hspace_2                             (abs)        00000
__Hspace_3                             (abs)        00100
__Hspace_4                             (abs)        10010
__Hstack                               stack        00000
__Hstrings                             strings      00000
__Hstringtext1                         stringtext1  00000
__Hstringtext10                        stringtext10 00000
__Hstringtext11                        stringtext11 00000
__Hstringtext12                        stringtext12 00000
__Hstringtext13                        stringtext13 00000
__Hstringtext14                        stringtext14 00000
__Hstringtext15                        stringtext15 00000
__Hstringtext16                        stringtext16 00000
__Hstringtext17                        stringtext17 00000
__Hstringtext18                        stringtext18 00000
__Hstringtext19                        stringtext19 00000
__Hstringtext2                         stringtext2  00000
__Hstringtext20                        stringtext20 00000
__Hstringtext21                        stringtext21 00000
__Hstringtext22                        stringtext22 00000
__Hstringtext23                        stringtext23 00000
__Hstringtext24                        stringtext24 00000
__Hstringtext25                        stringtext25 00000
__Hstringtext26                        stringtext26 00000
__Hstringtext27                        stringtext27 00000
__Hstringtext28                        stringtext28 00000
__Hstringtext29                        stringtext29 00000
__Hstringtext3                         stringtext3  00000
__Hstringtext30                        stringtext30 00000
__Hstringtext31                        stringtext31 00000
__Hstringtext4                         stringtext4  00000
__Hstringtext5                         stringtext5  00000
__Hstringtext6                         stringtext6  00000
__Hstringtext7                         stringtext7  00000
__Hstringtext8                         stringtext8  00000
__Hstringtext9                         stringtext9  00000
__Htext                                text         00000
__Labs1                                abs1         00000
__Lbank0                               bank0        00000
__Lbank1                               bank1        00000
__Lbank10                              bank10       00000
__Lbank11                              bank11       00000
__Lbank12                              bank12       00000
__Lbank13                              bank13       00000
__Lbank14                              bank14       00000
__Lbank15                              bank15       00000
__Lbank16                              bank16       00000
__Lbank17                              bank17       00000
__Lbank18                              bank18       00000
__Lbank19                              bank19       00000
__Lbank2                               bank2        00000
__Lbank20                              bank20       00000
__Lbank21                              bank21       00000
__Lbank22                              bank22       00000
__Lbank23                              bank23       00000
__Lbank24                              bank24       00000
__Lbank25                              bank25       00000
__Lbank26                              bank26       00000
__Lbank27                              bank27       00000
__Lbank28                              bank28       00000
__Lbank29                              bank29       00000
__Lbank3                               bank3        00000
__Lbank30                              bank30       00000
__Lbank31                              bank31       00000
__Lbank4                               bank4        00000
__Lbank5                               bank5        00000
__Lbank6                               bank6        00000
__Lbank7                               bank7        00000
__Lbank8                               bank8        00000
__Lbank9                               bank9        00000
__Lbigram                              bigram       00000
__LbssBANK2                            bssBANK2     00000
__LbssBANK3                            bssBANK3     00000
__LbssCOMMON                           bssCOMMON    00000
__Lcinit                               cinit        00016
__Lclrtext                             clrtext      00000
__Lcode                                code         00000
__Lcommon                              common       00000
__Lconfig                              config       00000
__LcstackBANK0                         cstackBANK0  00000
__LcstackBANK1                         cstackBANK1  00000
__LcstackBANK2                         cstackBANK2  00000
__LcstackBANK3                         cstackBANK3  00000
__LcstackCOMMON                        cstackCOMMON 00000
__LdataBANK2                           dataBANK2    00000
__LdataBANK3                           dataBANK3    00000
__LdataBANK4                           dataBANK4    00000
__LdataEEDATA                          dataEEDATA   00000
__Leeprom_data                         eeprom_data  00000
__Lend_init                            end_init     00014
__Lfunctab                             functab      00000
__Lheap                                heap         00000
__LidataBANK2                          idataBANK2   00000
__LidataBANK3                          idataBANK3   00000
__LidataBANK4                          idataBANK4   00000
__LidataEEDATA                         idataEEDATA  00000
__Lidloc                               idloc        00000
__Linit                                init         00014
__Linittext                            inittext     00000
__Lintentry                            intentry     00004
__Lmaintext                            maintext     00000
__Lpowerup                             powerup      00000
__Lram                                 ram          00000
__Lreset_vec                           reset_vec    00000
__Lsfr0                                sfr0         00000
__Lsfr1                                sfr1         00000
__Lsfr10                               sfr10        00000
__Lsfr11                               sfr11        00000
__Lsfr12                               sfr12        00000
__Lsfr13                               sfr13        00000
__Lsfr14                               sfr14        00000
__Lsfr15                               sfr15        00000
__Lsfr16                               sfr16        00000
__Lsfr17                               sfr17        00000
__Lsfr18                               sfr18        00000
__Lsfr19                               sfr19        00000
__Lsfr2                                sfr2         00000
__Lsfr20                               sfr20        00000
__Lsfr21                               sfr21        00000
__Lsfr22                               sfr22        00000
__Lsfr23                               sfr23        00000
__Lsfr24                               sfr24        00000
__Lsfr25                               sfr25        00000
__Lsfr26                               sfr26        00000
__Lsfr27                               sfr27        00000
__Lsfr28                               sfr28        00000
__Lsfr29                               sfr29        00000
__Lsfr3                                sfr3         00000
__Lsfr30                               sfr30        00000
__Lsfr31                               sfr31        00000
__Lsfr4                                sfr4         00000
__Lsfr5                                sfr5         00000
__Lsfr6                                sfr6         00000
__Lsfr7                                sfr7         00000
__Lsfr8                                sfr8         00000
__Lsfr9                                sfr9         00000
__Lspace_0                             (abs)        00000
__Lspace_1                             (abs)        00000
__Lspace_2                             (abs)        00000
__Lspace_3                             (abs)        00000
__Lspace_4                             (abs)        00000
__Lstack                               stack        00000
__Lstrings                             strings      00000
__Lstringtext1                         stringtext1  00000
__Lstringtext10                        stringtext10 00000
__Lstringtext11                        stringtext11 00000
__Lstringtext12                        stringtext12 00000
__Lstringtext13                        stringtext13 00000
__Lstringtext14                        stringtext14 00000
__Lstringtext15                        stringtext15 00000
__Lstringtext16                        stringtext16 00000
__Lstringtext17                        stringtext17 00000
__Lstringtext18                        stringtext18 00000
__Lstringtext19                        stringtext19 00000
__Lstringtext2                         stringtext2  00000
__Lstringtext20                        stringtext20 00000
__Lstringtext21                        stringtext21 00000
__Lstringtext22                        stringtext22 00000
__Lstringtext23                        stringtext23 00000
__Lstringtext24                        stringtext24 00000
__Lstringtext25                        stringtext25 00000
__Lstringtext26                        stringtext26 00000
__Lstringtext27                        stringtext27 00000
__Lstringtext28                        stringtext28 00000
__Lstringtext29                        stringtext29 00000
__Lstringtext3                         stringtext3  00000
__Lstringtext30                        stringtext30 00000
__Lstringtext31                        stringtext31 00000
__Lstringtext4                         stringtext4  00000
__Lstringtext5                         stringtext5  00000
__Lstringtext6                         stringtext6  00000
__Lstringtext7                         stringtext7  00000
__Lstringtext8                         stringtext8  00000
__Lstringtext9                         stringtext9  00000
__Ltext                                text         00000
__S0                                   (abs)        030CA
__S1                                   (abs)        00245
__S3                                   (abs)        0F100
__Umul8_16                             text33       00801
__Umul8_16@multiplicand                cstackCOMMON 00073
__Umul8_16@multiplier                  cstackBANK0  00024
__Umul8_16@product                     cstackBANK0  00020
__Umul8_16@word_mpld                   cstackBANK0  00022
___aldiv                               text36       02239
___aldiv@counter                       cstackBANK0  00030
___aldiv@dividend                      cstackBANK0  0002C
___aldiv@divisor                       cstackBANK0  00028
___aldiv@quotient                      cstackBANK0  00032
___aldiv@sign                          cstackBANK0  00031
___awdiv                               text46       02FAE
___awdiv@counter                       cstackBANK0  00020
___awdiv@dividend                      cstackCOMMON 00075
___awdiv@divisor                       cstackCOMMON 00073
___awdiv@quotient                      cstackBANK0  00022
___awdiv@sign                          cstackBANK0  00021
___awmod                               text45       02DF1
___awmod@counter                       cstackBANK0  00020
___awmod@dividend                      cstackCOMMON 00075
___awmod@divisor                       cstackCOMMON 00073
___awmod@sign                          cstackBANK0  00021
___bmul                                text38       02C9D
___bmul@multiplicand                   cstackCOMMON 00073
___bmul@multiplier                     cstackCOMMON 00076
___bmul@product                        cstackCOMMON 00075
___fladd                               text35       0115D
___fladd@a                             cstackBANK0  00058
___fladd@aexp                          cstackBANK0  00065
___fladd@b                             cstackBANK0  00054
___fladd@bexp                          cstackBANK0  00066
___fladd@grs                           cstackBANK0  00067
___fladd@signs                         cstackBANK0  00064
___fldiv                               text34       01E87
___fldiv@a                             cstackBANK0  0003A
___fldiv@aexp                          cstackBANK0  00053
___fldiv@b                             cstackBANK0  0003E
___fldiv@bexp                          cstackBANK0  00052
___fldiv@grs                           cstackBANK0  0004E
___fldiv@new_exp                       cstackBANK0  0004C
___fldiv@rem                           cstackBANK0  00047
___fldiv@sign                          cstackBANK0  0004B
___flge                                text21       0213E
___flge@ff1                            cstackBANK0  00020
___flge@ff2                            cstackBANK0  00024
___flmul                               text32       0133E
___flmul@a                             cstackBANK0  0006C
___flmul@aexp                          cstackBANK1  000A6
___flmul@b                             cstackBANK0  00068
___flmul@bexp                          cstackBANK1  000AB
___flmul@grs                           cstackBANK1  000A7
___flmul@prod                          cstackBANK1  000AC
___flmul@sign                          cstackBANK1  000A5
___flmul@temp                          cstackBANK1  000B0
___fltol                               text31       02060
___fltol@exp1                          cstackBANK1  000BC
___fltol@f1                            cstackBANK1  000B2
___fltol@sign1                         cstackBANK1  000BB
___heap_hi                             (abs)        00000
___heap_lo                             (abs)        00000
___int_sp                              stack        00000
___latbits                             (abs)        00003
___lmul                                text30       02D55
___lmul@multiplicand                   cstackBANK0  00024
___lmul@multiplier                     cstackBANK0  00020
___lmul@product                        cstackCOMMON 00073
___sp                                  stack        00000
___stackhi                             (abs)        00000
___stacklo                             (abs)        00000
___wmul                                text29       02D15
___wmul@multiplicand                   cstackBANK0  00025
___wmul@multiplier                     cstackBANK0  00023
___wmul@product                        cstackBANK0  00027
___xxtofl                              text28       0234F
___xxtofl@arg                          cstackBANK0  00036
___xxtofl@exp                          cstackBANK0  00035
___xxtofl@sign                         cstackBANK0  00034
___xxtofl@val                          cstackBANK0  0002C
__end_of_ADC_Get_Sample                text26       02DB9
__end_of_ADC_Init                      text2        00004
__end_of_Bcd2Dec                       text6        02CE8
__end_of_Button                        text37       0103E
__end_of_Delay_ms                      text52       02D15
__end_of_IntToStr                      text44       02239
__end_of_Test_init                     text39       025D1
__end_of_Vdelay_ms                     text51       02C8C
__end_of__Umul8_16                     text33       00820
__end_of___aldiv                       text36       022BA
__end_of___awdiv                       text46       03000
__end_of___awmod                       text45       02E36
__end_of___bmul                        text38       02CAE
__end_of___fladd                       text35       0133E
__end_of___fldiv                       text34       02000
__end_of___flge                        text21       021B9
__end_of___flmul                       text32       01597
__end_of___fltol                       text31       020C5
__end_of___lmul                        text30       02D84
__end_of___wmul                        text29       02D30
__end_of___xxtofl                      text28       023E4
__end_of__initialization               cinit        0004C
__end_of_atu_reset                     text48       02CFE
__end_of_button_proc                   text8        01E87
__end_of_button_proc_test              text7        0213E
__end_of_cells_init                    text4        01000
__end_of_coarse_cap                    text16       02484
__end_of_coarse_tune                   text15       02686
__end_of_correction                    text27       01D15
__end_of_eeprom_read                   text5        02CD3
__end_of_eeprom_write                  text47       0182C
__end_of_get_forward                   text25       02060
__end_of_get_pwr                       text23       00A46
__end_of_get_reverse                   text24       02F10
__end_of_get_swr                       text17       019B9
__end_of_interrupt_init                text3        02C9D
__end_of_isr                           intentry     00014
__end_of_lcd_ind                       text42       01800
__end_of_lcd_prep                      text41       007FA
__end_of_lcd_pwr                       text19       00CF1
__end_of_lcd_swr                       text22       01A85
__end_of_main                          maintext     01B56
__end_of_pic_init                      text1        02DF1
__end_of_set_cap                       text50       02E7D
__end_of_set_ind                       text49       0234F
__end_of_set_sw                        text40       02CC0
__end_of_sharp_cap                     text14       02800
__end_of_sharp_ind                     text13       018F2
__end_of_show_pwr                      text20       00647
__end_of_show_reset                    text18       02528
__end_of_sub_tune                      text12       0115D
__end_of_tune                          text11       01C28
__end_of_tune_btn_push                 text10       0273B
__end_of_uartGetChar                   text9        02C94
__end_of_uartProcessInput              text55       02FAE
__end_of_uartProcessOutput             text54       02EC5
__end_of_uart_wr_str                   text43       02F5D
__initialization                       cinit        00016
__pbssBANK2                            bssBANK2     00120
__pbssBANK3                            bssBANK3     001A0
__pbssCOMMON                           bssCOMMON    00078
__pcstackBANK0                         cstackBANK0  00020
__pcstackBANK1                         cstackBANK1  000A0
__pcstackBANK2                         cstackBANK2  0014D
__pcstackBANK3                         cstackBANK3  001DA
__pcstackCOMMON                        cstackCOMMON 00070
__pdataBANK2                           dataBANK2    0016A
__pdataBANK3                           dataBANK3    001D4
__pdataBANK4                           dataBANK4    00220
__pdataEEDATA                          dataEEDATA   00000
__pidataBANK2                          idataBANK2   007FA
__pidataBANK3                          idataBANK3   02C7F
__pidataBANK4                          idataBANK4   02D30
__pidataEEDATA                         idataEEDATA  00000
__pintentry                            intentry     00004
__pmaintext                            maintext     01A85
__pstringtext1                         stringtext1  03000
__pstringtext10                        stringtext10 03057
__pstringtext11                        stringtext11 03060
__pstringtext12                        stringtext12 03069
__pstringtext13                        stringtext13 03072
__pstringtext14                        stringtext14 0307B
__pstringtext15                        stringtext15 03084
__pstringtext16                        stringtext16 0308D
__pstringtext17                        stringtext17 03095
__pstringtext18                        stringtext18 0309D
__pstringtext19                        stringtext19 030A5
__pstringtext2                         stringtext2  0300B
__pstringtext20                        stringtext20 030AD
__pstringtext21                        stringtext21 030B2
__pstringtext22                        stringtext22 030B5
__pstringtext23                        stringtext23 030B8
__pstringtext24                        stringtext24 030BB
__pstringtext25                        stringtext25 030BE
__pstringtext26                        stringtext26 030C0
__pstringtext27                        stringtext27 030C2
__pstringtext28                        stringtext28 030C4
__pstringtext29                        stringtext29 030C6
__pstringtext3                         stringtext3  03016
__pstringtext30                        stringtext30 030C8
__pstringtext31                        stringtext31 00000
__pstringtext4                         stringtext4  03020
__pstringtext5                         stringtext5  0302A
__pstringtext6                         stringtext6  03033
__pstringtext7                         stringtext7  0303C
__pstringtext8                         stringtext8  03045
__pstringtext9                         stringtext9  0304E
__ptext1                               text1        02DB9
__ptext10                              text10       02686
__ptext11                              text11       01B56
__ptext12                              text12       0103E
__ptext13                              text13       0182C
__ptext14                              text14       0273B
__ptext15                              text15       025D1
__ptext16                              text16       023E4
__ptext17                              text17       018F2
__ptext18                              text18       02484
__ptext19                              text19       00A46
__ptext2                               text2        00003
__ptext20                              text20       00050
__ptext21                              text21       0213E
__ptext22                              text22       019B9
__ptext23                              text23       00820
__ptext24                              text24       02EC5
__ptext25                              text25       02000
__ptext26                              text26       02D84
__ptext27                              text27       01C28
__ptext28                              text28       0234F
__ptext29                              text29       02D15
__ptext3                               text3        02C94
__ptext30                              text30       02D55
__ptext31                              text31       02060
__ptext32                              text32       0133E
__ptext33                              text33       00801
__ptext34                              text34       01E87
__ptext35                              text35       0115D
__ptext36                              text36       02239
__ptext37                              text37       01005
__ptext38                              text38       02C9D
__ptext39                              text39       02528
__ptext4                               text4        00CF1
__ptext40                              text40       02CAE
__ptext41                              text41       00647
__ptext42                              text42       01597
__ptext43                              text43       02F10
__ptext44                              text44       021B9
__ptext45                              text45       02DF1
__ptext46                              text46       02FAE
__ptext47                              text47       01804
__ptext48                              text48       02CE8
__ptext49                              text49       022BA
__ptext5                               text5        02CC0
__ptext50                              text50       02E36
__ptext51                              text51       02C85
__ptext52                              text52       02CFE
__ptext54                              text54       02E7D
__ptext55                              text55       02F5D
__ptext6                               text6        02CD3
__ptext7                               text7        020C5
__ptext8                               text8        01D15
__ptext9                               text9        02C8C
_atu_reset                             text48       02CE8
_buffer                                dataBANK4    00220
_button_proc                           text8        01D15
_button_proc_test                      text7        020C5
_cells_init                            text4        00CF1
_coarse_cap                            text16       023E4
_coarse_tune                           text15       025D1
_correction                            text27       01C28
_e_c_K_Mult                            dataBANK3    001D9
_e_c_b_C_linear                        bssBANK2     00134
_e_c_b_D_correction                    dataBANK2    0016B
_e_c_b_L_invert                        bssBANK2     00133
_e_c_b_L_linear                        bssBANK2     00135
_e_c_b_Loss_ind                        bssBANK2     00130
_e_c_b_P_High                          bssBANK2     00131
_e_c_b_Relay_off                       bssBANK3     001D3
_e_c_ledtype                           bssBANK2     0012F
_e_c_num_C_q                           dataBANK2    0016C
_e_c_num_L_q                           dataBANK2    0016D
_e_c_tenths_Fid_loss                   bssBANK2     00132
_e_i_Cap1                              bssBANK3     001C4
_e_i_Cap2                              bssBANK3     001C2
_e_i_Cap3                              bssBANK3     001C0
_e_i_Cap4                              bssBANK3     001BE
_e_i_Cap5                              bssBANK3     001BC
_e_i_Cap6                              bssBANK3     001BA
_e_i_Cap7                              bssBANK3     001B8
_e_i_Ind1                              bssBANK3     001B6
_e_i_Ind2                              bssBANK3     001B4
_e_i_Ind3                              bssBANK3     001B2
_e_i_Ind4                              bssBANK3     001B0
_e_i_Ind5                              bssBANK3     001AE
_e_i_Ind6                              bssBANK3     001AC
_e_i_Ind7                              bssBANK3     001AA
_e_i_ms_Rel_Del                        bssBANK2     00122
_e_i_tenths_SWR_Auto_delta             bssBANK3     001A8
_e_i_tenths_init_max_swr               bssBANK3     001A2
_e_i_watts_max_for_start               bssBANK3     001A4
_e_i_watts_min_for_start               bssBANK3     001A6
_eeprom_read                           text5        02CC0
_eeprom_write                          text47       01804
_g_b_Auto_mode                         bssBANK2     0012E
_g_b_Bypas_mode                        bssBANK2     0012D
_g_b_L                                 dataBANK2    0016A
_g_b_Loss_mode                         bssBANK2     0012B
_g_b_Overload                          bssBANK2     00136
_g_b_Restart                           bssBANK3     001CC
_g_b_Soft_tune                         bssBANK3     001D1
_g_b_lcd_prep_short                    bssBANK2     0012C
_g_b_rready                            bssBANK2     00138
_g_c_Auto_mem                          bssBANK3     001CD
_g_c_C_mult                            dataBANK2    0016E
_g_c_L_mult                            dataBANK2    0016F
_g_c_SW                                bssBANK2     0013B
_g_c_SW_mem                            bssBANK3     001CE
_g_c_cap                               bssCOMMON    0007A
_g_c_cap_mem                           bssBANK3     001D0
_g_c_ind                               bssBANK2     0013C
_g_c_ind_mem                           bssBANK3     001CF
_g_c_step_cap                          bssBANK2     0013A
_g_c_step_ind                          bssBANK2     00139
_g_char_p_cnt                          bssBANK2     00137
_g_i_PWR                               bssBANK2     00126
_g_i_P_max                             bssBANK2     00124
_g_i_Power                             bssBANK3     001A0
_g_i_Power_old                         dataBANK3    001D6
_g_i_SWR                               bssCOMMON    00078
_g_i_SWR_fixed_old                     bssBANK2     00120
_g_i_SWR_old                           dataBANK3    001D4
_g_i_swr_a                             bssBANK2     0014B
_g_work_str                            bssBANK2     00144
_g_work_str_2                          bssBANK2     0013D
_get_forward                           text25       02000
_get_pwr                               text23       00820
_get_reverse                           text24       02EC5
_get_swr                               text17       018F2
_inbuf                                 bssBANK3     001C8
_initial_eeprom                        idataEEDATA  00000
_interrupt_init                        text3        02C94
_isr                                   intentry     00004
_lcd_ind                               text42       01597
_lcd_prep                              text41       00647
_lcd_pwr                               text19       00A46
_lcd_pwr$643                           cstackBANK1  000E6
_lcd_swr                               text22       019B9
_main                                  maintext     01A85
_out_dummy                             bssBANK3     001D2
_pic_init                              text1        02DB9
_refresh                               bssBANK3     001CA
_set_cap                               text50       02E36
_set_ind                               text49       022BA
_set_sw                                text40       02CAE
_sharp_cap                             text14       0273B
_sharp_ind                             text13       0182C
_show_pwr                              text20       00050
_show_pwr$1913                         cstackBANK1  000C5
_show_pwr$1914                         cstackBANK1  000CD
_show_pwr$1915                         cstackBANK1  000C9
_show_pwr$1916                         cstackBANK1  000D1
_show_reset                            text18       02484
_sub_tune                              text12       0103E
_tune                                  text11       01B56
_tune_btn_push                         text10       02686
_uartGetChar                           text9        02C8C
_uartProcessInput                      text55       02F5D
_uartProcessOutput                     text54       02E7D
_uart_wr_str                           text43       02F10
btemp                                  (abs)        0007E
button_proc@uartChar                   cstackBANK2  00169
clear_ram0                             clrtext      02C73
coarse_cap@l_coarse_cap_count          cstackBANK2  00154
coarse_cap@l_coarse_cap_min_swr        cstackBANK2  00151
coarse_cap@l_coarse_cap_step           cstackBANK2  00153
coarse_tune@l_coarse_tune_count        cstackBANK2  0015C
coarse_tune@l_coarse_tune_mem_cap      cstackBANK2  00159
coarse_tune@l_coarse_tune_mem_step_cap cstackBANK2  0015A
coarse_tune@l_coarse_tune_min_swr      cstackBANK2  00157
coarse_tune@l_coarse_tune_step         cstackBANK2  0015B
correction@input                       cstackBANK0  00029
eeprom_read@addr                       cstackCOMMON 00076
eeprom_write@addr                      cstackBANK0  00027
eeprom_write@value                     cstackBANK0  00024
end_of_initialization                  cinit        0004C
get_forward@returnUIntValue            cstackBANK0  0002C
get_pwr@l_Forward                      cstackBANK1  000C9
get_pwr@l_Reverse                      cstackBANK1  000C5
get_pwr@l_doub_pwr                     cstackBANK1  000CD
get_reverse@returnReverse              cstackBANK0  0002C
init_ram                               inittext     02C79
int$flags                              (abs)        0007E
intlevel0                              functab      00000
intlevel1                              functab      00000
intlevel2                              functab      00000
intlevel3                              functab      00000
intlevel4                              functab      00000
intlevel5                              functab      00000
lcd_ind@capbits                        cstackBANK0  0002D
lcd_ind@indbits                        cstackBANK0  0002C
lcd_ind@l_line                         cstackBANK0  00030
lcd_ind@l_work_int                     cstackBANK0  0002E
lcd_pwr@SWR_fixed                      cstackBANK1  000EB
lcd_pwr@cnt                            cstackBANK1  000E4
lcd_pwr@delta                          cstackBANK1  000E7
lcd_pwr@p                              cstackBANK1  000E9
lcd_pwr@peak_cnt                       cstackBANK1  000E5
lcd_swr@swr                            cstackBANK0  0002A
reset_vec                              reset_vec    00000
set_cap@Cap                            cstackBANK0  00023
set_cap@Capbits                        cstackBANK0  00024
set_ind@Ind                            cstackBANK0  00023
set_ind@Indbits                        cstackBANK0  00024
set_sw@g_c_SW                          cstackBANK0  00022
sharp_cap@l_sharp_cap_count            cstackBANK2  00159
sharp_cap@l_sharp_cap_max_range        cstackBANK2  00154
sharp_cap@l_sharp_cap_min_SWR          cstackBANK2  00157
sharp_cap@l_sharp_cap_min_range        cstackBANK2  00155
sharp_cap@l_sharp_cap_range            cstackBANK2  00156
sharp_ind@l_sharp_ind_count            cstackBANK2  00159
sharp_ind@l_sharp_ind_max_range        cstackBANK2  00154
sharp_ind@l_sharp_ind_min_SWR          cstackBANK2  00157
sharp_ind@l_sharp_ind_min_range        cstackBANK2  00155
sharp_ind@l_sharp_ind_range            cstackBANK2  00156
show_pwr@a                             cstackBANK1  000DB
show_pwr@b                             cstackBANK1  000D7
show_pwr@eff                           cstackBANK1  000D5
show_pwr@p_ant                         cstackBANK1  000DF
show_pwr@parm_Power                    cstackBANK1  000BD
show_pwr@parm_SWR                      cstackBANK1  000BF
start                                  init         00014
start_initialization                   cinit        00016
sub_tune@l_int_cap_mem                 cstackBANK2  00162
sub_tune@l_int_ind_mem                 cstackBANK2  00160
sub_tune@l_int_swr_mem                 cstackBANK2  00164
uartGetChar@ret                        cstackCOMMON 00074
uartProcessInput@bitCounter            bssBANK3     001C6
uartProcessInput@buf                   bssBANK2     00128
uartProcessInput@inbit                 cstackCOMMON 00072
uartProcessInput@state                 bssBANK3     001C7
uartProcessOutput@buf                  bssBANK3     001C9
uartProcessOutput@chrPosition          bssBANK2     00129
uartProcessOutput@strPosition          bssBANK2     0012A
uart_wr_str@col                        cstackCOMMON 00073
uart_wr_str@i                          cstackBANK0  00024
uart_wr_str@len                        cstackCOMMON 00076
uart_wr_str@lin                        cstackBANK0  00023
uart_wr_str@pos                        cstackBANK0  00025
uart_wr_str@str                        cstackCOMMON 00074
wtemp0                                 (abs)        0007E


MODULE INFORMATION

Module		Function		Class		Link	Load	Size
C:\Program Files\Microchip\xc8\v2.36\pic\sources\c99\common\sprcmul.c
		___flmul       		CODE           	133E	0000	601

C:\Program Files\Microchip\xc8\v2.36\pic\sources\c99\common\sprcmul.c estimated size: 601

uart.c
		_uart_wr_str   		CODE           	2F10	0000	77
		_uartGetChar   		CODE           	2C8C	0000	8
		_uartProcessOutput		CODE           	2E7D	0000	72
		_uartProcessInput		CODE           	2F5D	0000	81

uart.c estimated size: 238

./main.h
		_get_reverse   		CODE           	2EC5	0000	75
		_sub_tune      		CODE           	103E	0000	287
		_set_cap       		CODE           	2E36	0000	71
		_get_pwr       		CODE           	0820	0000	550
		_tune          		CODE           	1B56	0000	210
		_atu_reset     		CODE           	2CE8	0000	22
		_set_ind       		CODE           	22BA	0000	149
		_set_sw        		CODE           	2CAE	0000	18
		_coarse_cap    		CODE           	23E4	0000	160
		_coarse_tune   		CODE           	25D1	0000	181
		_correction    		CODE           	1C28	0000	237
		_sharp_cap     		CODE           	273B	0000	197
		_get_swr       		CODE           	18F2	0000	199
		_get_forward   		CODE           	2000	0000	96
		_sharp_ind     		CODE           	182C	0000	198

./main.h estimated size: 2650

C:\Program Files\Microchip\xc8\v2.36\pic\sources\c99\common\sprcdiv.c
		___fldiv       		CODE           	1E87	0000	377

C:\Program Files\Microchip\xc8\v2.36\pic\sources\c99\common\sprcdiv.c estimated size: 377

C:\Program Files\Microchip\xc8\v2.36\pic\sources\c99\pic\__eewrite.c
		_eeprom_write  		CODE           	1804	0000	40

C:\Program Files\Microchip\xc8\v2.36\pic\sources\c99\pic\__eewrite.c estimated size: 40

C:\Program Files\Microchip\xc8\v2.36\pic\sources\c99\common\Umul32.c
		___lmul        		CODE           	2D55	0000	47

C:\Program Files\Microchip\xc8\v2.36\pic\sources\c99\common\Umul32.c estimated size: 47

C:\Program Files\Microchip\xc8\v2.36\pic\sources\c99\common\awmod.c
		___awmod       		CODE           	2DF1	0000	69

C:\Program Files\Microchip\xc8\v2.36\pic\sources\c99\common\awmod.c estimated size: 69

C:\Program Files\Microchip\xc8\v2.36\pic\sources\c99\common\xxtofl.c
		___xxtofl      		CODE           	234F	0000	149

C:\Program Files\Microchip\xc8\v2.36\pic\sources\c99\common\xxtofl.c estimated size: 149

C:\Program Files\Microchip\xc8\v2.36\pic\sources\c99\pic\__eeread.c
		_eeprom_read   		CODE           	2CC0	0000	19

C:\Program Files\Microchip\xc8\v2.36\pic\sources\c99\pic\__eeread.c estimated size: 19

C:\Program Files\Microchip\xc8\v2.36\pic\sources\c99\common\Umul8_16.c
		__Umul8_16     		CODE           	0801	0000	31

C:\Program Files\Microchip\xc8\v2.36\pic\sources\c99\common\Umul8_16.c estimated size: 31

cross_compiler.c
		_Bcd2Dec       		CODE           	2CD3	0000	21
		_Button        		CODE           	1005	0000	57
		_ADC_Get_Sample		CODE           	2D84	0000	53
		_Delay_ms      		CODE           	2CFE	0000	23
		_Vdelay_ms     		CODE           	2C85	0000	7
		_IntToStr      		CODE           	21B9	0000	128
		_ADC_Init      		CODE           	0003	0000	1

cross_compiler.c estimated size: 290

C:\Program Files\Microchip\xc8\v2.36\pic\sources\c99\common\sprcadd.c
		___fladd       		CODE           	115D	0000	481

C:\Program Files\Microchip\xc8\v2.36\pic\sources\c99\common\sprcadd.c estimated size: 481

C:\Program Files\Microchip\xc8\v2.36\pic\sources\c99\common\awdiv.c
		___awdiv       		CODE           	2FAE	0000	82

C:\Program Files\Microchip\xc8\v2.36\pic\sources\c99\common\awdiv.c estimated size: 82

C:\Program Files\Microchip\xc8\v2.36\pic\sources\c99\common\fltol.c
		___fltol       		CODE           	2060	0000	101

C:\Program Files\Microchip\xc8\v2.36\pic\sources\c99\common\fltol.c estimated size: 101

pic_init.c
		_pic_init      		CODE           	2DB9	0000	56

pic_init.c estimated size: 56

shared
		__initialization		CODE           	0016	0000	54

shared estimated size: 54

C:\Program Files\Microchip\xc8\v2.36\pic\sources\c99\common\aldiv.c
		___aldiv       		CODE           	2239	0000	129

C:\Program Files\Microchip\xc8\v2.36\pic\sources\c99\common\aldiv.c estimated size: 129

C:\Program Files\Microchip\xc8\v2.36\pic\sources\c99\common\Umul8.c
		___bmul        		CODE           	2C9D	0000	17

C:\Program Files\Microchip\xc8\v2.36\pic\sources\c99\common\Umul8.c estimated size: 17

C:\Program Files\Microchip\xc8\v2.36\pic\sources\c99\common\flge.c
		___flge        		CODE           	213E	0000	123

C:\Program Files\Microchip\xc8\v2.36\pic\sources\c99\common\flge.c estimated size: 123

main.c
		_button_proc_test		CODE           	20C5	0000	121
		_Test_init     		CODE           	2528	0000	169
		_tune_btn_push 		CODE           	2686	0000	181
		_show_pwr      		CODE           	0050	0000	1527
		_main          		CODE           	1A85	0000	209
		_lcd_pwr       		CODE           	0A46	0000	683
		_lcd_ind       		CODE           	1597	0000	617
		_isr           		CODE           	0004	0000	16
		_show_reset    		CODE           	2484	0000	164
		_lcd_prep      		CODE           	0647	0000	435
		_interrupt_init		CODE           	2C94	0000	9
		_button_proc   		CODE           	1D15	0000	370
		_cells_init    		CODE           	0CF1	0000	783
		_lcd_swr       		CODE           	19B9	0000	204

main.c estimated size: 5488

C:\Program Files\Microchip\xc8\v2.36\pic\sources\c99\common\Umul16.c
		___wmul        		CODE           	2D15	0000	27

C:\Program Files\Microchip\xc8\v2.36\pic\sources\c99\common\Umul16.c estimated size: 27

